// Jest Snapshot v1, https://goo.gl/fbAQLP

exports[`expect to render Card Component 1`] = `
<div
  className="bg-washed-blue dib br3 pa3 ma2 grow bw2 shadow-3 tc"
>
  <img
    alt="Robots"
    height="150"
    src="https://robohash.org/undefined?size=300x300"
    width="150"
  />
  <div>
    <h1 />
    <p />
  </div>
</div>
`;
